0110101100000100101100100111100100100110000111111101100000000101
