0011110000111001110100101101101001110000000010110100101001010011
