1111110111011111001000101011010010101111101010000011111101001001
