0011110110000011111010100011000011110010101100110000100011000100
