0100001110100000100001011011111000100011011101100010100011001000
