1010000110110010001001001101110010101001110111001100101111000111
