0011101010100010100100110110000000100001001101101111010010101110
