1001011100100010101011001110000111111100110011000010011010101001
