0010001010101001001001101011000011000011111110000011001111011011
