0001100100000100111010100100101100000111011001011101000001001111
