0010011011001101111000111001001110110101000001101001010110111110
