0110100110111101110010111011110000001011110010100011011110010100
