0000011000011001101101000111101101110001100001010100110001110111
