0110100010111110110110110101101111010111111000100011111100000010
