1010101000111110111111101000000100101000111000110111111110001111
