0001100111100110000000110010111001010011100000010110011101101001
