0010011010001111100110000000101100010110110001111000110110100000
