1001101101110010101110101001000000001001110011111110011001110100
