0111001100111000001111101100010101100000111010001000011110010110
