1110100111100010111001011001101000111101100001110010101111110000
