1000011101101110111100010100010001100010111111100111001000000110
