0010111110001010011001010001001101111110011110010011111000111010
