0100110101001010001011010000101011000100101000111100111111100000
