1101010111111101010111010100011010100101010010010110011001101010
