0111111110000001100101001111111010011000111010010000000100100110
