1000000011010110110010101011100000101000011101001111111110101110
