1001110001001100001000001011001001010000010001011011010110011100
