1010000011010110010010100101011110101111010011101001011111010011
