1110101011000110100001101111101101111001010011010001110010011101
