1100101000111100010100001010000001101010011011100010110100111101
