1100110001010101101001010101111011011110000111110101111111100110
