1100111101100010110101100111111001100110001111011011111001000111
