0101110011000011111101000011000010100000011110011000010011011100
