0011001111110011011111001110010101000011011001110000110011100011
