0110100011010010111111010000100110110010011010110001000111011111
