1100011000101100100111001001111110010110110111100001100010000111
