0111001011011101111110010011011010000100101101110001110100011101
