1011010101011111001100111111010110111010001011111011100011011110
