0111111101011000110111011001010111100010101111011010000000110111
