1010101010010100000000000110010100110000100000011100000110000010
