1011001110001100000111000010000011001010011011111100011100000010
