0101001001111100000111011011000000110101000000010111010111000000
