0111011101110000010011110110001100011011011110110100001111101111
