1000000010011110101110000001111010110011101101111110001001010101
