0010100101010011110001111001001011111011011010111110011000111111
