1110111001101010110000001110011100111001010110101111111111101001
