1111010011010001000011000111111001001111100010010111000100111000
