0001011000110000111010100001111000011010110111011110001010101100
