1100000001100100100010111111001011101101111001110011111000100101
