1011100001110010111000000000100110011111011110100010010000001010
